// Jest Snapshot v1, https://goo.gl/fbAQLP

exports[`Emailer renders correctly 1`] = `
<View
  style={
    Object {
      "backgroundColor": "#002b36",
      "borderWidth": 1,
      "flex": 1,
    }
  }
>
  <View
    style={
      Object {
        "alignItems": "center",
        "alignSelf": "center",
        "backgroundColor": "#002b36",
        "flex": 1,
        "justifyContent": "flex-start",
        "marginTop": 133.4,
      }
    }
  >
    <View
      style={
        Object {
          "borderWidth": 1,
          "flexDirection": "row",
          "justifyContent": "space-between",
          "width": 450,
        }
      }
    >
      <View
        accessible={true}
        onResponderGrant={[Function]}
        onResponderMove={[Function]}
        onResponderRelease={[Function]}
        onResponderTerminate={[Function]}
        onResponderTerminationRequest={[Function]}
        onStartShouldSetResponder={[Function]}
        style={
          Object {
            "backgroundColor": "transparent",
            "height": 60,
            "opacity": 0,
            "width": null,
            "zIndex": 10,
          }
        }
        testID="aws-btn-content-view"
      >
        <View
          style={
            Object {
              "backgroundColor": "rgba(0, 0, 0, 0.15)",
              "borderRadius": 4,
              "bottom": -2,
              "height": 56,
              "left": "1%",
              "position": "absolute",
              "transform": Array [
                Object {
                  "translateY": 0,
                },
              ],
              "width": "98%",
            }
          }
          testID="aws-btn-shadow"
        />
        <View
          style={
            Array [
              Object {
                "bottom": 0,
                "left": 0,
                "position": "absolute",
              },
              Object {
                "backgroundColor": "#002b36",
                "borderRadius": 4,
                "height": 56,
                "width": null,
              },
            ]
          }
          testID="aws-btn-bottom"
        />
        <View
          style={
            Object {
              "borderRadius": 4,
              "height": 56,
              "left": 0,
              "position": "absolute",
              "top": 0,
              "transform": Array [
                Object {
                  "translateY": 0,
                },
              ],
              "width": null,
            }
          }
          testID="aws-btn-content"
        >
          <View
            onLayout={[Function]}
            style={
              Array [
                Object {
                  "alignItems": "center",
                  "flex": 1,
                  "justifyContent": "center",
                  "overflow": "hidden",
                  "zIndex": 3,
                },
                Object {
                  "backgroundColor": "#586e75",
                  "borderColor": null,
                  "borderRadius": 4,
                  "borderWidth": 0,
                },
              ]
            }
            testID="aws-btn-text"
          >
            <View
              style={
                Object {
                  "backgroundColor": "#073642",
                  "height": 56,
                  "left": 0,
                  "opacity": 0,
                  "position": "absolute",
                  "top": 0,
                  "width": null,
                }
              }
              testID="aws-btn-active-background"
            />
            <Text
              style={
                Object {
                  "color": "#FFFFFF",
                  "fontFamily": null,
                  "fontSize": 14,
                  "fontWeight": "bold",
                  "opacity": 1,
                  "paddingBottom": 0,
                  "paddingHorizontal": 12,
                  "paddingTop": 0,
                  "textAlign": "center",
                  "transform": Array [
                    Object {
                      "scale": 1,
                    },
                  ],
                  "zIndex": 10,
                }
              }
              testID="aws-btn-content-text"
            >
               Mac Work 
            </Text>
          </View>
        </View>
      </View>
      <View
        accessible={true}
        onResponderGrant={[Function]}
        onResponderMove={[Function]}
        onResponderRelease={[Function]}
        onResponderTerminate={[Function]}
        onResponderTerminationRequest={[Function]}
        onStartShouldSetResponder={[Function]}
        style={
          Object {
            "backgroundColor": "transparent",
            "height": 60,
            "opacity": 0,
            "width": null,
            "zIndex": 10,
          }
        }
        testID="aws-btn-content-view"
      >
        <View
          style={
            Object {
              "backgroundColor": "rgba(0, 0, 0, 0.15)",
              "borderRadius": 4,
              "bottom": -2,
              "height": 56,
              "left": "1%",
              "position": "absolute",
              "transform": Array [
                Object {
                  "translateY": 0,
                },
              ],
              "width": "98%",
            }
          }
          testID="aws-btn-shadow"
        />
        <View
          style={
            Array [
              Object {
                "bottom": 0,
                "left": 0,
                "position": "absolute",
              },
              Object {
                "backgroundColor": "#004893",
                "borderRadius": 4,
                "height": 56,
                "width": null,
              },
            ]
          }
          testID="aws-btn-bottom"
        />
        <View
          style={
            Object {
              "borderRadius": 4,
              "height": 56,
              "left": 0,
              "position": "absolute",
              "top": 0,
              "transform": Array [
                Object {
                  "translateY": 0,
                },
              ],
              "width": null,
            }
          }
          testID="aws-btn-content"
        >
          <View
            onLayout={[Function]}
            style={
              Array [
                Object {
                  "alignItems": "center",
                  "flex": 1,
                  "justifyContent": "center",
                  "overflow": "hidden",
                  "zIndex": 3,
                },
                Object {
                  "backgroundColor": "#268bd2",
                  "borderColor": null,
                  "borderRadius": 4,
                  "borderWidth": 0,
                },
              ]
            }
            testID="aws-btn-text"
          >
            <View
              style={
                Object {
                  "backgroundColor": "#00539f",
                  "height": 56,
                  "left": 0,
                  "opacity": 0,
                  "position": "absolute",
                  "top": 0,
                  "width": null,
                }
              }
              testID="aws-btn-active-background"
            />
            <Text
              style={
                Object {
                  "color": "#FFFFFF",
                  "fontFamily": null,
                  "fontSize": 14,
                  "fontWeight": "bold",
                  "opacity": 1,
                  "paddingBottom": 0,
                  "paddingHorizontal": 12,
                  "paddingTop": 0,
                  "textAlign": "center",
                  "transform": Array [
                    Object {
                      "scale": 1,
                    },
                  ],
                  "zIndex": 10,
                }
              }
              testID="aws-btn-content-text"
            >
               Mac 
            </Text>
          </View>
        </View>
      </View>
      <View
        accessible={true}
        onResponderGrant={[Function]}
        onResponderMove={[Function]}
        onResponderRelease={[Function]}
        onResponderTerminate={[Function]}
        onResponderTerminationRequest={[Function]}
        onStartShouldSetResponder={[Function]}
        style={
          Object {
            "backgroundColor": "transparent",
            "height": 60,
            "opacity": 0,
            "width": null,
            "zIndex": 10,
          }
        }
        testID="aws-btn-content-view"
      >
        <View
          style={
            Object {
              "backgroundColor": "rgba(0, 0, 0, 0.15)",
              "borderRadius": 4,
              "bottom": -2,
              "height": 56,
              "left": "1%",
              "position": "absolute",
              "transform": Array [
                Object {
                  "translateY": 0,
                },
              ],
              "width": "98%",
            }
          }
          testID="aws-btn-shadow"
        />
        <View
          style={
            Array [
              Object {
                "bottom": 0,
                "left": 0,
                "position": "absolute",
              },
              Object {
                "backgroundColor": "#002b36",
                "borderRadius": 4,
                "height": 56,
                "width": null,
              },
            ]
          }
          testID="aws-btn-bottom"
        />
        <View
          style={
            Object {
              "borderRadius": 4,
              "height": 56,
              "left": 0,
              "position": "absolute",
              "top": 0,
              "transform": Array [
                Object {
                  "translateY": 0,
                },
              ],
              "width": null,
            }
          }
          testID="aws-btn-content"
        >
          <View
            onLayout={[Function]}
            style={
              Array [
                Object {
                  "alignItems": "center",
                  "flex": 1,
                  "justifyContent": "center",
                  "overflow": "hidden",
                  "zIndex": 3,
                },
                Object {
                  "backgroundColor": "#586e75",
                  "borderColor": null,
                  "borderRadius": 4,
                  "borderWidth": 0,
                },
              ]
            }
            testID="aws-btn-text"
          >
            <View
              style={
                Object {
                  "backgroundColor": "#073642",
                  "height": 56,
                  "left": 0,
                  "opacity": 0,
                  "position": "absolute",
                  "top": 0,
                  "width": null,
                }
              }
              testID="aws-btn-active-background"
            />
            <Text
              style={
                Object {
                  "color": "#FFFFFF",
                  "fontFamily": null,
                  "fontSize": 14,
                  "fontWeight": "bold",
                  "opacity": 1,
                  "paddingBottom": 0,
                  "paddingHorizontal": 12,
                  "paddingTop": 0,
                  "textAlign": "center",
                  "transform": Array [
                    Object {
                      "scale": 1,
                    },
                  ],
                  "zIndex": 10,
                }
              }
              testID="aws-btn-content-text"
            >
               Na 
            </Text>
          </View>
        </View>
      </View>
    </View>
    <View>
      <TextInput
        allowFontScaling={true}
        autoFocus={true}
        onChangeText={[Function]}
        rejectResponderTermination={true}
        style={
          Object {
            "backgroundColor": "#073642",
            "borderColor": "#586e75",
            "borderRadius": 5,
            "borderWidth": 1,
            "color": "#839496",
            "marginTop": 40.019999999999996,
            "paddingHorizontal": 7.5,
            "paddingVertical": 7.5,
            "width": 525,
          }
        }
        testID="cd7b46a4-2d81-47bf-abc1-7142aba8a7b0"
        underlineColorAndroid="transparent"
      />
    </View>
    <View>
      <TextInput
        allowFontScaling={true}
        multiline={true}
        numberOfLines={8}
        onChangeText={[Function]}
        rejectResponderTermination={true}
        style={
          Object {
            "backgroundColor": "#073642",
            "borderColor": "#586e75",
            "borderRadius": 5,
            "borderWidth": 1,
            "color": "#839496",
            "marginTop": 40.019999999999996,
            "paddingHorizontal": 7.5,
            "paddingVertical": 7.5,
            "textAlignVertical": "top",
            "width": 525,
          }
        }
        testID="6b50a3ac-a102-4150-823c-e20d44f0c84d"
        underlineColorAndroid="transparent"
      />
    </View>
    <View
      style={
        Object {
          "borderWidth": 1,
          "flexDirection": "row",
          "justifyContent": "space-between",
          "marginTop": 40.019999999999996,
          "width": 525,
        }
      }
    >
      <View
        accessible={true}
        onResponderGrant={[Function]}
        onResponderMove={[Function]}
        onResponderRelease={[Function]}
        onResponderTerminate={[Function]}
        onResponderTerminationRequest={[Function]}
        onStartShouldSetResponder={[Function]}
        style={
          Object {
            "backgroundColor": "transparent",
            "height": 60,
            "opacity": 1,
            "width": 175,
            "zIndex": 10,
          }
        }
        testID="aws-btn-content-view"
      >
        <View
          style={
            Object {
              "backgroundColor": "rgba(0, 0, 0, 0.15)",
              "borderRadius": 4,
              "bottom": -2,
              "height": 56,
              "left": "1%",
              "position": "absolute",
              "transform": Array [
                Object {
                  "translateY": 0,
                },
              ],
              "width": "98%",
            }
          }
          testID="aws-btn-shadow"
        />
        <View
          style={
            Array [
              Object {
                "bottom": 0,
                "left": 0,
                "position": "absolute",
              },
              Object {
                "backgroundColor": "#840000",
                "borderRadius": 4,
                "height": 56,
                "width": 175,
              },
            ]
          }
          testID="aws-btn-bottom"
        />
        <View
          style={
            Object {
              "borderRadius": 4,
              "height": 56,
              "left": 0,
              "position": "absolute",
              "top": 0,
              "transform": Array [
                Object {
                  "translateY": 0,
                },
              ],
              "width": 175,
            }
          }
          testID="aws-btn-content"
        >
          <View
            onLayout={[Function]}
            style={
              Array [
                Object {
                  "alignItems": "center",
                  "flex": 1,
                  "justifyContent": "center",
                  "overflow": "hidden",
                  "zIndex": 3,
                },
                Object {
                  "backgroundColor": "#dc322f",
                  "borderColor": null,
                  "borderRadius": 4,
                  "borderWidth": 0,
                },
              ]
            }
            testID="aws-btn-text"
          >
            <View
              style={
                Object {
                  "backgroundColor": "#8b0000",
                  "height": 56,
                  "left": 0,
                  "opacity": 0,
                  "position": "absolute",
                  "top": 0,
                  "width": 175,
                }
              }
              testID="aws-btn-active-background"
            />
            <Text
              style={
                Object {
                  "color": "#FFFFFF",
                  "fontFamily": null,
                  "fontSize": 14,
                  "fontWeight": "bold",
                  "opacity": 1,
                  "paddingBottom": 0,
                  "paddingHorizontal": 12,
                  "paddingTop": 0,
                  "textAlign": "center",
                  "transform": Array [
                    Object {
                      "scale": 1,
                    },
                  ],
                  "zIndex": 10,
                }
              }
              testID="aws-btn-content-text"
            >
              Clear
            </Text>
          </View>
        </View>
      </View>
      <View
        accessible={true}
        onResponderGrant={[Function]}
        onResponderMove={[Function]}
        onResponderRelease={[Function]}
        onResponderTerminate={[Function]}
        onResponderTerminationRequest={[Function]}
        onStartShouldSetResponder={[Function]}
        style={
          Object {
            "backgroundColor": "transparent",
            "height": 60,
            "opacity": 1,
            "width": 175,
            "zIndex": 10,
          }
        }
        testID="aws-btn-content-view"
      >
        <View
          style={
            Object {
              "backgroundColor": "rgba(0, 0, 0, 0.15)",
              "borderRadius": 4,
              "bottom": -2,
              "height": 56,
              "left": "1%",
              "position": "absolute",
              "transform": Array [
                Object {
                  "translateY": 0,
                },
              ],
              "width": "98%",
            }
          }
          testID="aws-btn-shadow"
        />
        <View
          style={
            Array [
              Object {
                "bottom": 0,
                "left": 0,
                "position": "absolute",
              },
              Object {
                "backgroundColor": "#2d5600",
                "borderRadius": 4,
                "height": 56,
                "width": 175,
              },
            ]
          }
          testID="aws-btn-bottom"
        />
        <View
          style={
            Object {
              "borderRadius": 4,
              "height": 56,
              "left": 0,
              "position": "absolute",
              "top": 0,
              "transform": Array [
                Object {
                  "translateY": 0,
                },
              ],
              "width": 175,
            }
          }
          testID="aws-btn-content"
        >
          <View
            onLayout={[Function]}
            style={
              Array [
                Object {
                  "alignItems": "center",
                  "flex": 1,
                  "justifyContent": "center",
                  "overflow": "hidden",
                  "zIndex": 3,
                },
                Object {
                  "backgroundColor": "#859900",
                  "borderColor": null,
                  "borderRadius": 4,
                  "borderWidth": 0,
                },
              ]
            }
            testID="aws-btn-text"
          >
            <View
              style={
                Object {
                  "backgroundColor": "#346100",
                  "height": 56,
                  "left": 0,
                  "opacity": 0,
                  "position": "absolute",
                  "top": 0,
                  "width": 175,
                }
              }
              testID="aws-btn-active-background"
            />
            <Text
              style={
                Object {
                  "color": "#FFFFFF",
                  "fontFamily": null,
                  "fontSize": 14,
                  "fontWeight": "bold",
                  "opacity": 1,
                  "paddingBottom": 0,
                  "paddingHorizontal": 12,
                  "paddingTop": 0,
                  "textAlign": "center",
                  "transform": Array [
                    Object {
                      "scale": 1,
                    },
                  ],
                  "zIndex": 10,
                }
              }
              testID="aws-btn-content-text"
            >
              Send
            </Text>
          </View>
        </View>
      </View>
    </View>
  </View>
</View>
`;
